{
  "activities": [
    {
      "OperationName": "ExecuteRequest",
      "DisplayName": "query { a }",
      "Status": "Unset",
      "tags": [
        {
          "Key": "graphql.document.id",
          "Value": "RS6oAsTRvyqBp0EbCzYdnw=="
        },
        {
          "Key": "graphql.document.hash",
          "Value": "RS6oAsTRvyqBp0EbCzYdnw=="
        },
        {
          "Key": "graphql.operation.id",
          "Value": "RS6oAsTRvyqBp0EbCzYdnw=="
        }
      ],
      "event": [
        {
          "Name": "AddedOperationToCache",
          "Tags": {}
        },
        {
          "Name": "AddedDocumentToCache",
          "Tags": {}
        }
      ],
      "activities": [
        {
          "OperationName": "ParseDocument",
          "DisplayName": "Parse Document",
          "Status": "Ok",
          "tags": [
            {
              "Key": "otel.status_code",
              "Value": "OK"
            }
          ],
          "event": []
        },
        {
          "OperationName": "ValidateDocument",
          "DisplayName": "Validate Document",
          "Status": "Ok",
          "tags": [
            {
              "Key": "graphql.document.id",
              "Value": "RS6oAsTRvyqBp0EbCzYdnw=="
            },
            {
              "Key": "graphql.document.hash",
              "Value": "RS6oAsTRvyqBp0EbCzYdnw=="
            },
            {
              "Key": "otel.status_code",
              "Value": "OK"
            }
          ],
          "event": []
        },
        {
          "OperationName": "CompileOperation",
          "DisplayName": "Compile Operation",
          "Status": "Ok",
          "tags": [
            {
              "Key": "otel.status_code",
              "Value": "OK"
            }
          ],
          "event": []
        },
        {
          "OperationName": "ExecuteOperation",
          "DisplayName": "Execute Operation",
          "Status": "Ok",
          "tags": [
            {
              "Key": "otel.status_code",
              "Value": "OK"
            }
          ],
          "event": [],
          "activities": [
            {
              "OperationName": "ResolveFieldValue",
              "DisplayName": "/a",
              "Status": "Ok",
              "tags": [
                {
                  "Key": "graphql.selection.name",
                  "Value": "a"
                },
                {
                  "Key": "graphql.selection.parentType",
                  "Value": "SimpleQuery"
                },
                {
                  "Key": "graphql.selection.coordinate",
                  "Value": "SimpleQuery.sayHello"
                },
                {
                  "Key": "graphql.selection.type",
                  "Value": "String!"
                },
                {
                  "Key": "graphql.selection.path",
                  "Value": "/a"
                },
                {
                  "Key": "graphql.selection.hierarchy",
                  "Value": "/a"
                },
                {
                  "Key": "otel.status_code",
                  "Value": "OK"
                }
              ],
              "event": []
            }
          ]
        }
      ]
    }
  ]
}
